Traceback (most recent call last):
  File "jigsaw.py", line 257, in <module>
    main()
  File "jigsaw.py", line 150, in main
    puzzle = Puzzle(img_str, int(W), int(H), downscale=args.downscale)
  File "/mnt/c/Users/Harrison/Documents/JigsawUrFriends/puzzle.py", line 75, in __init__
    img = Image.open(img_str)
  File "/home/harrison/.local/lib/python3.6/site-packages/PIL/Image.py", line 2843, in open
    fp = builtins.open(filename, "rb")
FileNotFoundError: [Errno 2] No such file or directory: '.\\misato.jpg'

^CError in atexit._run_exitfuncs:
Traceback (most recent call last):
Process Process-1:
  File "/usr/lib/python3.6/multiprocessing/popen_fork.py", line 28, in poll
    pid, sts = os.waitpid(self.pid, flag)
KeyboardInterrupt
Traceback (most recent call last):
  File "/usr/lib/python3.6/multiprocessing/process.py", line 258, in _bootstrap
    self.run()
  File "/usr/lib/python3.6/multiprocessing/process.py", line 93, in run
    self._target(*self._args, **self._kwargs)
  File "jigsaw.py", line 60, in run
    new_move_count = unpack_update_res(self.sock.recv(UPDATE_RES_LEN))[0]
KeyboardInterrupt